`trust_remote_code` is not supported anymore.
Please check that the Hugging Face dataset 'openslr/librispeech_asr' isn't based on a loading script and remove `trust_remote_code`.
If the dataset is based on a loading script, please ask the dataset author to remove it and convert it to a standard format like Parquet.
[transformers] Unrecognized keys in `rope_parameters` for 'rope_type'='default': {'interleaved', 'mrope_section'}

--- Benchmark Results (wall time: 4.43s) ---
Closed-Loop Benchmark Results (48 requests, max_concurrency=16)
──────────────────────────────────────────────────
Request type breakdown: audio_to_speech=48
Requests : 48/48 succeeded
TTFT (audio)  : mean=0.756s  p50=0.768s  p95=0.901s  p99=0.916s
TTFT (text)   : mean=0.209s  p50=0.170s  p95=0.459s  p99=0.459s
E2E           : mean=1.269s  p50=1.290s  p95=1.927s  p99=2.148s
ITL  (audio)  : mean=0.299s  p50=0.275s  p95=0.554s  p99=0.631s
ITL  (text)   : mean=0.011s  p50=0.009s  p95=0.027s  p99=0.049s
Audio SV      : mean=1.000s  p50=1.000s  p05=1.000s  p10=1.000s  (higher is better)
RTF           : mean=0.303  p50=0.309  p95=0.404  p99=0.423  (lower is better; <1.0 = real-time)
Audio dur    : mean=4.429s
Text tokens: 953 total (19.9 avg/req)
Output bytes (audio): 10203450 total (129 chunks)
Output bytes (text): 4431 total (953 chunks)
Throughput: 10.84 req/s (successful only)
Throughput: 215.17 text tok/s
Throughput: 47.99 audio sec/s (synthesized audio per wall second)
Total wall time: 4.43s

Saved 96 outputs to /m-coriander/coriander/tim/sweep_mstar_v5/s2s/B16/
