`trust_remote_code` is not supported anymore.
Please check that the Hugging Face dataset 'openslr/librispeech_asr' isn't based on a loading script and remove `trust_remote_code`.
If the dataset is based on a loading script, please ask the dataset author to remove it and convert it to a standard format like Parquet.
[transformers] Unrecognized keys in `rope_parameters` for 'rope_type'='default': {'interleaved', 'mrope_section'}

--- Benchmark Results (wall time: 7.52s) ---
Closed-Loop Benchmark Results (96 requests, max_concurrency=32)
──────────────────────────────────────────────────
Request type breakdown: audio_to_speech=96
Requests : 96/96 succeeded
TTFT (audio)  : mean=1.251s  p50=1.262s  p95=1.494s  p99=1.496s
TTFT (text)   : mean=0.286s  p50=0.197s  p95=0.675s  p99=0.779s
E2E           : mean=2.223s  p50=2.046s  p95=3.831s  p99=4.788s
ITL  (audio)  : mean=0.502s  p50=0.437s  p95=0.944s  p99=1.058s
ITL  (text)   : mean=0.015s  p50=0.010s  p95=0.049s  p99=0.058s
Audio SV      : mean=1.000s  p50=1.000s  p05=1.000s  p10=1.000s  (higher is better)
RTF           : mean=0.506  p50=0.539  p95=0.645  p99=0.706  (lower is better; <1.0 = real-time)
Audio dur    : mean=4.747s
Text tokens: 2032 total (21.2 avg/req)
Output bytes (audio): 21875820 total (281 chunks)
Output bytes (text): 9465 total (2032 chunks)
Throughput: 12.77 req/s (successful only)
Throughput: 270.32 text tok/s
Throughput: 60.63 audio sec/s (synthesized audio per wall second)
Total wall time: 7.52s

Saved 192 outputs to /m-coriander/coriander/tim/sweep_mstar_v5/s2s/B32/
